Testing: 50/373...
Testing: 100/373...
Testing: 150/373...
Testing: 200/373...
Testing: 250/373...
Testing: 300/373...
Testing: 350/373...
====================================================================================================
COMPREHENSIVE TEST: 373 BASIC FILES
====================================================================================================


====================================================================================================
DETAILED RESULTS BY CATEGORY
====================================================================================================

1. SUCCESSFULLY PARSED: 29 files (7.8%)
2. LEXER ERRORS: 138 files (37.0%)
3. LEXER EXCEPTIONS: 0 files (0.0%)
4. PARSER ERRORS: 189 files (50.7%)
5. PARSER EXCEPTIONS: 17 files (4.6%)
6. FILE ERRORS: 0 files (0.0%)

====================================================================================================
SUCCESSFULLY PARSED FILES (29 files)
====================================================================================================

Filename                       Size     Lines  Stmts  Tokens  Stmt Types
----------------------------------------------------------------------------------------------------
nim.bas                           9192    233    453    3550         15
blkjk.bas                         5523    237    260    1665         10
testbc2.bas                       5247    128    233    1062         10
astrnmy2.bas                      5461    171    195    1068          6
HANOI.bas                         3179     99    173    1307         16
hanoi.bas                         3199     99    173    1307         16
benchmk.bas                       1863     90     90     750         11
test.bas                          1395     56     89     510         10
rotate.bas                        2264     49     88     614         11
rbsclock.bas                      2372     60     67     481          8
log10k.bas                        1354     54     54     215          7
fills.bas                          697     26     49     235          7
interest.bas                       882     39     39     362          6
prime2.bas                         809     29     29     178         10
fprime.bas                         245     12     12      86          4
qsoedit.bas                       2604     11     11     883          2
pattern1.bas                       650     10     10      31          1
xextract.bas                      1205     10     10     428          4
xscan.bas                         1200     10     10     431          3
pattern.bas                        586      9      9      29          1
qsofind.bas                        673      6      6     189          4
findctl.bas                        688      2      4     275          2
xlabels.bas                        893      4      4     359          4
xtel.bas                           622      4      4     159          1
sample.bas                         127      1      1       5          1
clock-cb.bas                      7557      0      0    1079          0
convert.bas                       4552      0      0    1070          0
grabcom.bas                        226      0      0      99          0
rocket.bas                           0      0      0       1          0
----------------------------------------------------------------------------------------------------
TOTALS                           65265   1449   2073   18428
AVERAGES                          2250     49     71     635

====================================================================================================
STATEMENT TYPE DISTRIBUTION (across all successful parses)
====================================================================================================

Statement Type                           Count    % of Total
----------------------------------------------------------------------------------------------------
LetStatementNode                             538      26.0%
PrintStatementNode                           518      25.0%
RemarkStatementNode                          256      12.3%
GosubStatementNode                           195       9.4%
IfStatementNode                              173       8.3%
ForStatementNode                              82       4.0%
NextStatementNode                             81       3.9%
GotoStatementNode                             65       3.1%
ReturnStatementNode                           63       3.0%
InputStatementNode                            45       2.2%
EndStatementNode                              17       0.8%
OutStatementNode                               9       0.4%
DimStatementNode                               8       0.4%
OnGosubStatementNode                           6       0.3%
DefTypeStatementNode                           4       0.2%
OnErrorStatementNode                           4       0.2%
ClearStatementNode                             3       0.1%
StopStatementNode                              3       0.1%
WidthStatementNode                             2       0.1%
OnGotoStatementNode                            1       0.0%

====================================================================================================
LEXER ERRORS (138 files)
====================================================================================================

Error Type                                                                       Count 
----------------------------------------------------------------------------------------------------
Lexer error at 2:9: Unexpected character: '[' (0x5b)                                 2
  → 1stop.bas
  → 512print.bas
Lexer error at 17:8: Unexpected character: '[' (0x5b)                                2
  → AIRINPUT.bas
  → airinput.bas
Lexer error at 16:37: Unterminated string                                            2
  → DORNBACK.bas
  → dornback.bas
Lexer error at 33:47: Unterminated string                                            2
  → MASTRMND.bas
  → mastrmnd.bas
Lexer error at 56:20: Unexpected character: '[' (0x5b)                               2
  → RNAVREF.bas
  → rnavref.bas
Lexer error at 276:71: Unterminated string                                           2
  → SECTOR.bas
  → sector.bas
Lexer error at 14:1: Unexpected character: '%' (0x25)                                2
  → biblio.bas
  → qso.bas
Lexer error at 5:3: Unexpected character: '%' (0x25)                                 2
  → cnfg1.bas
  → config.bas
Lexer error at 40:5: Unexpected character: '%' (0x25)                                2
  → comgr.bas
  → signon.bas
Lexer error at 5:1: Unexpected character: '%' (0x25)                                 2
  → gnmenu.bas
  → nadmenu.bas
Lexer error at 213:8: Unexpected character: '.' (0x2e)                               1
  → 128cpm80.bas
Lexer error at 18:8: Unexpected character: '[' (0x5b)                                1
  → AIRROUTE.bas
Lexer error at 211:87: Unterminated string                                           1
  → PLANE.bas
Lexer error at 181:46: Unexpected character: '$' (0x24)                              1
  → SLOTS.bas
Lexer error at 31:8: Unexpected character: '[' (0x5b)                                1
  → airalpha.bas
Lexer error at 19:8: Unexpected character: '[' (0x5b)                                1
  → airroute.bas
Lexer error at 5:61: Unterminated string                                             1
  → almazar.bas
Lexer error at 74:59: Unterminated string                                            1
  → audiolab.bas
Lexer error at 307:79: Unterminated string                                           1
  → ausopoly.bas
Lexer error at 16:8: Unexpected character: '[' (0x5b)                                1
  → autonav.bas
Lexer error at 6:24: Unexpected character: '$' (0x24)                                1
  → bibsrch.bas
Lexer error at 171:38: Unterminated string                                           1
  → bio.bas
Lexer error at 42:10: Unexpected character: '[' (0x5b)                               1
  → blakjack.bas
Lexer error at 32:48: Unterminated string                                            1
  → boggle.bas
Lexer error at 43:5: Unexpected character: '%' (0x25)                                1
  → byecmd.bas
Lexer error at 167:51: Unterminated string                                           1
  → catalist.bas
Lexer error at 26:13: Unexpected character: '.' (0x2e)                               1
  → catxrf11.bas
Lexer error at 10:44: Unterminated string                                            1
  → chase.bas
Lexer error at 702:41: Unterminated string                                           1
  → convrbb.bas
Lexer error at 12:13: Invalid number format: 0D                                      1
  → create.bas
Lexer error at 1:56: Unexpected character: '$' (0x24)                                1
  → csxmod.bas
Lexer error at 4:10: Unexpected character: '[' (0x5b)                                1
  → data1.bas
Lexer error at 160:35: Unterminated string                                           1
  → delers.bas
Lexer error at 176:49: Unexpected character: '_' (0x5f)                              1
  → dialog11.bas
Lexer error at 36:16: Unexpected character: '_' (0x5f)                               1
  → dice.bas
Lexer error at 49:14: Invalid number format: 0E                                      1
  → dir.bas
Lexer error at 1:280: Unexpected character: '$' (0x24)                               1
  → ds2patch.bas
Lexer error at 4:10: Unexpected character: '$' (0x24)                                1
  → dump.bas
Lexer error at 93:5: Unterminated string                                             1
  → facelift.bas
Lexer error at 4:34: Unterminated string                                             1
  → fft.bas
Lexer error at 3:45: Unexpected character: '.' (0x2e)                                1
  → findchar.bas
Lexer error at 39:5: Unexpected character: '%' (0x25)                                1
  → finish.bas
Lexer error at 2:43: Invalid number format: 2d                                       1
  → foo.bas
Lexer error at 55:35: Unterminated string                                            1
  → function.bas
Lexer error at 42:26: Unterminated string                                            1
  → funkey.bas
Lexer error at 12:17: Unterminated string                                            1
  → games.bas
Lexer error at 5:10: Unexpected character: '_' (0x5f)                                1
  → gensud.bas
Lexer error at 172:23: Unterminated string                                           1
  → german.bas
Lexer error at 115:15: Invalid number format: 5E                                     1
  → gnreport.bas
Lexer error at 83:41: Unexpected character: '.' (0x2e)                               1
  → gnscreen.bas
Lexer error at 134:38: Unterminated string                                           1
  → hfprop.bas
Lexer error at 205:35: Unterminated string                                           1
  → holt.bas
Lexer error at 63:74: Unterminated string                                            1
  → hurricpm.bas
Lexer error at 9:91: Unterminated string                                             1
  → induct20.bas
Lexer error at 11:11: Unexpected character: '%' (0x25)                               1
  → intrate.bas
Lexer error at 8:70: Unterminated string                                             1
  → keypad.bas
Lexer error at 107:68: Unterminated string                                           1
  → keywrdfx.bas
Lexer error at 226:38: Unterminated string                                           1
  → latin.bas
Lexer error at 46:59: Unterminated string                                            1
  → letrprft.bas
Lexer error at 673:79: Unterminated string                                           1
  → loan2.bas
Lexer error at 18:5: Unexpected character: '[' (0x5b)                                1
  → loopbak1.bas
Lexer error at 37:15: Unterminated string                                            1
  → lstziog.bas
Lexer error at 208:74: Unterminated string                                           1
  → lunar.bas
Lexer error at 66:55: Unterminated string                                            1
  → makeadv.bas
Lexer error at 544:54: Unterminated string                                           1
  → mbrsv13.bas
Lexer error at 1051:14: Unterminated string                                          1
  → monoply.bas
Lexer error at 150:21: Unterminated string                                           1
  → monster.bas
Lexer error at 10:58: Unterminated string                                            1
  → mtimer12.bas
Lexer error at 276:20: Unterminated string                                           1
  → mx80form.bas
Lexer error at 140:61: Unterminated string                                           1
  → mxplot.bas
Lexer error at 125:15: Invalid number format: 5E                                     1
  → nadmail.bas
Lexer error at 130:15: Invalid number format: 5E                                     1
  → nadrept.bas
Lexer error at 166:15: Invalid number format: 5E                                     1
  → nadscrn.bas
Lexer error at 57:20: Unexpected character: '[' (0x5b)                               1
  → navprog7.bas
Lexer error at 11:4: Unexpected character: '[' (0x5b)                                1
  → normal2.bas
Lexer error at 326:36: Unterminated string                                           1
  → ohmslaw.bas
Lexer error at 119:5: Unterminated string                                            1
  → osbn_bio.bas
Lexer error at 1:9: Unexpected character: '҄' (0x484)                                1
  → pattern2.bas
Lexer error at 214:87: Unterminated string                                           1
  → plane.bas
Lexer error at 78:69: Unterminated string                                            1
  → planes.bas
Lexer error at 38:5: Unexpected character: '%' (0x25)                                1
  → posys.bas
Lexer error at 5:10: Unexpected character: '[' (0x5b)                                1
  → psr.bas
Lexer error at 8:16: Unexpected character: '.' (0x2e)                                1
  → pulse12.bas
Lexer error at 8:18: Unexpected character: '.' (0x2e)                                1
  → pulse25.bas
Lexer error at 174:71: Unterminated string                                           1
  → rbbs-pc.bas
Lexer error at 165:26: Unterminated string                                           1
  → rbbsutil.bas
Lexer error at 10:5: Unexpected character: '@' (0x40)                                1
  → reverse.bas
Lexer error at 1:7: Unexpected character: '%' (0x25)                                 1
  → riskey.bas
Lexer error at 107:87: Unterminated string                                           1
  → rs2ms.bas
Lexer error at 3:1: Unexpected character: '%' (0x25)                                 1
  → sample-c.bas
Lexer error at 25:5: Unexpected character: '!' (0x21)                                1
  → sample-n.bas
Lexer error at 3:1: Unexpected character: '$' (0x24)                                 1
  → sample-s.bas
Lexer error at 19:11: Unexpected character: '$' (0x24)                               1
  → sbcrtc.bas
Lexer error at 49:44: Unterminated string                                            1
  → scdesign.bas
Lexer error at 12:114: Unexpected character: '`' (0x60)                              1
  → sfaldes.bas
Lexer error at 42:46: Unterminated string                                            1
  → sfamain.bas
Lexer error at 8:149: Unexpected character: '.' (0x2e)                               1
  → sfaresp.bas
Lexer error at 1:1: Unexpected character: '!' (0x21)                                 1
  → simcvax.bas
Lexer error at 7:7: Unexpected character: '.' (0x2e)                                 1
  → sine1010.bas
Lexer error at 183:46: Unexpected character: '$' (0x24)                              1
  → slots.bas
Lexer error at 27:55: Unterminated string                                            1
  → starval.bas
Lexer error at 300:33: Invalid number format: 1820E                                  1
  → starwars.bas
Lexer error at 41:5: Unexpected character: '[' (0x5b)                                1
  → stelsels.bas
Lexer error at 1:32: Unterminated string                                             1
  → strip.bas
Lexer error at 118:74: Unterminated string                                           1
  → strtrk.bas
Lexer error at 220:18: Unterminated string                                           1
  → target.bas
Lexer error at 1:11: Unexpected character: '%' (0x25)                                1
  → tinyterm.bas
Lexer error at 37:5: Unexpected character: '%' (0x25)                                1
  → tos.bas
Lexer error at 17:55: Unterminated string                                            1
  → ttl-scrl.bas
Lexer error at 836:20: Unterminated string                                           1
  → ttype.bas
Lexer error at 117:52: Unterminated string                                           1
  → uitleg1.bas
Lexer error at 96:20: Unterminated string                                            1
  → uitleg2.bas
Lexer error at 35:5: Unexpected character: '%' (0x25)                                1
  → usrmaint.bas
Lexer error at 95:46: Unterminated string                                            1
  → util.bas
Lexer error at 441:42: Unterminated string                                           1
  → vader.bas
Lexer error at 81:64: Unterminated string                                            1
  → vhfprop.bas
Lexer error at 8:76: Unexpected character: '.' (0x2e)                                1
  → vicxmodm.bas
Lexer error at 27:6: Unexpected character: '@' (0x40)                                1
  → videonum.bas
Lexer error at 42:7: Unexpected character: '[' (0x5b)                                1
  → vmap.bas
Lexer error at 99:38: Unterminated string                                            1
  → window.bas
Lexer error at 6:49: Unexpected character: '.' (0x2e)                                1
  → worldbld.bas
Lexer error at 118:15: Unexpected character: '¦' (0xa6)                              1
  → xedit.bas
Lexer error at 25:67: Unterminated string                                            1
  → xfertime.bas
Lexer error at 25:49: Unterminated string                                            1
  → xfind.bas
Lexer error at 21:27: Unexpected character: ']' (0x5d)                               1
  → xlist.bas
Lexer error at 78:61: Unexpected character: ';' (0x37e)                              1
  → xmerge.bas
Lexer error at 5:14: Unexpected character: '.' (0x2e)                                1
  → xmodem64.bas
Lexer error at 183:71: Unterminated string                                           1
  → zilch.bas

====================================================================================================
PARSER ERRORS (189 files)
====================================================================================================

Error Type                                                        Count 
----------------------------------------------------------------------------------------------------
or newline, got LPAREN                                               28
or newline, got APOSTROPHE                                           19
Expected LPAREN, got COLON                                           14
HASH                                                                 13
RUN                                                                  11
Expected EQUAL, got IDENTIFIER                                       10
BACKSLASH                                                             9
or newline, got IDENTIFIER                                            9
Expected EQUAL, got NUMBER                                            6
Expected EQUAL, got NEWLINE                                           6
NEWLINE                                                               5
Expected EQUAL, got COLON                                             4
NUMBER                                                                4
CALL                                                                  4
RANDOMIZE                                                             3
  → blackbox.bas
  → cpm-pert.bas
  → rock.bas
Expected IDENTIFIER, got HASH                                         3
  → exitbbs1.bas
  → krak.bas
  → star.bas
Expected line number after GOTO                                       2
  → DIVISION.bas
  → division.bas
Expected EQUAL, got PRINT                                             2
  → ONECHECK.bas
  → onecheck.bas
Expected THEN or GOTO after IF condition                              2
  → batnum.bas
  → fndtble.bas
Expected EQUAL, got REM                                               2
  → bibbld.bas
  → vocbld.bas
EOF_FUNC                                                              2
  → direct.bas
  → scatpad.bas
Expected EQUAL, got MINUS                                             2
  → doodle.bas
  → scenecar.bas
Expected IDENTIFIER, got LINE_INPUT                                   2
  → dow.bas
  → sleuth.bas
or newline, got NUMBER                                                2
  → hex2data.bas
  → mbasedit.bas
LPRINT                                                                2
  → pcat.bas
  → xref19.bas
APOSTROPHE                                                            2
  → prime1.bas
  → wordpuzl.bas
Expected EQUAL, got STRING                                            2
  → tic.bas
  → tictac.bas
Expected EQUAL, got IF                                                1
  → bibsr2.bas
Expected IDENTIFIER, got HEX                                          1
  → binhex.bas
Expected IDENTIFIER, got BACKSLASH                                    1
  → blast.bas
MID                                                                   1
  → clock-m.bas
Expected IDENTIFIER, got SEMICOLON                                    1
  → cpkhex.bas
EQUAL                                                                 1
  → deprec.bas
Expected COMMA, got IDENTIFIER                                        1
  → directio.bas
Expected LPAREN, got NEWLINE                                          1
  → e-sketch.bas
Expected GOTO or GOSUB after ON expression                            1
  → el-e.bas
or newline, got RPAREN                                                1
  → ic-timer.bas
SAVE                                                                  1
  → krakinst.bas
Expected LPAREN, got COMMA                                            1
  → mxref.bas
Expected COMMA, got AS                                                1
  → pckget.bas
COMMA                                                                 1
  → proset.bas
GREATER_THAN                                                          1
  → rose.bas
or newline, got COMMA                                                 1
  → sdir.bas
ERASE                                                                 1
  → stackalc.bas
or newline, got REM                                                   1
  → survival.bas
Expected EQUAL, got PLUS                                              1
  → winning.bas

====================================================================================================
PARSER EXCEPTIONS (17 files)
====================================================================================================
  BATTLE.bas                     DEF FN parsing not yet implemented
  POKER.bas                      DEF FN parsing not yet implemented
  aircraft.bas                   DEF FN parsing not yet implemented
  bigtime.bas                    DEF FN parsing not yet implemented
  disasmb.bas                    DEF FN parsing not yet implemented
  finance.bas                    DEF FN parsing not yet implemented
  graph.bas                      DEF FN parsing not yet implemented
  handplot.bas                   DEF FN parsing not yet implemented
  ibmmdm.bas                     DEF FN parsing not yet implemented
  oldroute.bas                   DEF FN parsing not yet implemented
  poker.bas                      DEF FN parsing not yet implemented
  surround.bas                   DEF FN parsing not yet implemented
  tricks.bas                     DEF FN parsing not yet implemented
  ucase.bas                      DEF FN parsing not yet implemented
  unigrid2.bas                   DEF FN parsing not yet implemented
  upload.bas                     DEF FN parsing not yet implemented
  xref.bas                       DEF FN parsing not yet implemented

====================================================================================================
WRITING DETAILED RESULTS TO FILES
====================================================================================================
✓ Wrote test_results_success.txt (29 files)
✓ Wrote test_results_lexer_fail.txt (138 files)
✓ Wrote test_results_parser_fail.txt (206 files)

====================================================================================================
FINAL SUMMARY
====================================================================================================

Total files tested: 373
Successfully parsed: 29 (7.8%)
Lexer failures: 138 (37.0%)
Parser failures: 206 (55.2%)

Successfully parsed programs contain:
  - 1,449 lines of code
  - 2,073 statements
  - 18,428 tokens

====================================================================================================
